src/components/BlogDetailsModal.tsx(87,36): error TS2345: Argument of type 'string' is not assignable to parameter of type 'number'.
src/components/EventDetailsModal.tsx(92,7): error TS2322: Type 'string' is not assignable to type 'number'.
src/pages/AdminOrganizations.tsx(114,45): error TS2367: This comparison appears to be unintentional because the types 'string' and 'number' have no overlap.
src/pages/AdminOrganizations.tsx(211,133): error TS2345: Argument of type 'string' is not assignable to parameter of type 'number'.
src/pages/Blogs.tsx(165,44): error TS2322: Type 'string' is not assignable to type 'number'.
src/pages/Blogs.tsx(300,47): error TS2345: Argument of type '(prev: number | null) => string | null' is not assignable to parameter of type 'SetStateAction<number | null>'.
  Type '(prev: number | null) => string | null' is not assignable to type '(prevState: number | null) => number | null'.
    Type 'string | null' is not assignable to type 'number | null'.
      Type 'string' is not assignable to type 'number'.
src/pages/Blogs.tsx(300,58): error TS2367: This comparison appears to be unintentional because the types 'number | null' and 'string' have no overlap.
src/pages/Blogs.tsx(306,24): error TS2367: This comparison appears to be unintentional because the types 'number | null' and 'string' have no overlap.
src/pages/Blogs.tsx(325,53): error TS2345: Argument of type 'string' is not assignable to parameter of type 'number'.
src/pages/Blogs.tsx(356,62): error TS2345: Argument of type 'string' is not assignable to parameter of type 'number'.
src/pages/Events.tsx(372,72): error TS2345: Argument of type 'string' is not assignable to parameter of type 'number'.
src/pages/Events.tsx(382,53): error TS2345: Argument of type '(prev: number | null) => string | null' is not assignable to parameter of type 'SetStateAction<number | null>'.
  Type '(prev: number | null) => string | null' is not assignable to type '(prevState: number | null) => number | null'.
    Type 'string | null' is not assignable to type 'number | null'.
      Type 'string' is not assignable to type 'number'.
src/pages/Events.tsx(382,64): error TS2367: This comparison appears to be unintentional because the types 'number | null' and 'string' have no overlap.
src/pages/Events.tsx(388,30): error TS2367: This comparison appears to be unintentional because the types 'number | null' and 'string' have no overlap.
src/pages/Events.tsx(404,59): error TS2345: Argument of type 'string' is not assignable to parameter of type 'number'.
src/pages/member/MemberEvents.tsx(38,26): error TS7015: Element implicitly has an 'any' type because index expression is not of type 'number'.
src/pages/member/MemberEvents.tsx(132,33): error TS7015: Element implicitly has an 'any' type because index expression is not of type 'number'.
src/pages/member/MemberEvents.tsx(166,51): error TS2345: Argument of type 'string' is not assignable to parameter of type 'number'.
src/pages/Members.tsx(55,5): error TS2769: No overload matches this call.
  Overload 1 of 3, '(options: DefinedInitialDataOptions<CustomAttributeDefinition[], Error, CustomAttributeDefinition[], readonly unknown[]>, queryClient?: QueryClient | undefined): DefinedUseQueryResult<...>', gave the following error.
    Type '() => Promise<CustomAttributeDefinition[]>' is not assignable to type 'QueryFunction<CustomAttributeDefinition[], readonly unknown[]>'.
      Type 'Promise<CustomAttributeDefinition[]>' is not assignable to type 'CustomAttributeDefinition[] | Promise<CustomAttributeDefinition[]>'.
        Type 'Promise<import("C:/dev/organization-member-management/frontend/src/services/customAttributeService").CustomAttributeDefinition[]>' is not assignable to type 'Promise<import("C:/dev/organization-member-management/frontend/src/types/index").CustomAttributeDefinition[]>'.
          Type 'import("C:/dev/organization-member-management/frontend/src/services/customAttributeService").CustomAttributeDefinition[]' is not assignable to type 'import("C:/dev/organization-member-management/frontend/src/types/index").CustomAttributeDefinition[]'.
            Type 'import("C:/dev/organization-member-management/frontend/src/services/customAttributeService").CustomAttributeDefinition' is not assignable to type 'import("C:/dev/organization-member-management/frontend/src/types/index").CustomAttributeDefinition'.
              Types of property 'id' are incompatible.
                Type 'number' is not assignable to type 'string'.
  Overload 2 of 3, '(options: UndefinedInitialDataOptions<CustomAttributeDefinition[], Error, CustomAttributeDefinition[], readonly unknown[]>, queryClient?: QueryClient | undefined): UseQueryResult<...>', gave the following error.
    Type '() => Promise<CustomAttributeDefinition[]>' is not assignable to type 'unique symbol | QueryFunction<CustomAttributeDefinition[], readonly unknown[], never> | undefined'.
      Type '() => Promise<CustomAttributeDefinition[]>' is not assignable to type 'QueryFunction<CustomAttributeDefinition[], readonly unknown[], never>'.
        Type 'Promise<CustomAttributeDefinition[]>' is not assignable to type 'CustomAttributeDefinition[] | Promise<CustomAttributeDefinition[]>'.
          Type 'Promise<import("C:/dev/organization-member-management/frontend/src/services/customAttributeService").CustomAttributeDefinition[]>' is not assignable to type 'Promise<import("C:/dev/organization-member-management/frontend/src/types/index").CustomAttributeDefinition[]>'.
            Type 'import("C:/dev/organization-member-management/frontend/src/services/customAttributeService").CustomAttributeDefinition[]' is not assignable to type 'import("C:/dev/organization-member-management/frontend/src/types/index").CustomAttributeDefinition[]'.
              Type 'import("C:/dev/organization-member-management/frontend/src/services/customAttributeService").CustomAttributeDefinition' is not assignable to type 'import("C:/dev/organization-member-management/frontend/src/types/index").CustomAttributeDefinition'.
                Types of property 'id' are incompatible.
                  Type 'number' is not assignable to type 'string'.
  Overload 3 of 3, '(options: UseQueryOptions<CustomAttributeDefinition[], Error, CustomAttributeDefinition[], readonly unknown[]>, queryClient?: QueryClient | undefined): UseQueryResult<...>', gave the following error.
    Type '() => Promise<CustomAttributeDefinition[]>' is not assignable to type 'unique symbol | QueryFunction<CustomAttributeDefinition[], readonly unknown[], never> | undefined'.
      Type '() => Promise<CustomAttributeDefinition[]>' is not assignable to type 'QueryFunction<CustomAttributeDefinition[], readonly unknown[], never>'.
        Type 'Promise<CustomAttributeDefinition[]>' is not assignable to type 'CustomAttributeDefinition[] | Promise<CustomAttributeDefinition[]>'.
          Type 'Promise<import("C:/dev/organization-member-management/frontend/src/services/customAttributeService").CustomAttributeDefinition[]>' is not assignable to type 'Promise<import("C:/dev/organization-member-management/frontend/src/types/index").CustomAttributeDefinition[]>'.
            Type 'import("C:/dev/organization-member-management/frontend/src/services/customAttributeService").CustomAttributeDefinition[]' is not assignable to type 'import("C:/dev/organization-member-management/frontend/src/types/index").CustomAttributeDefinition[]'.
              Type 'import("C:/dev/organization-member-management/frontend/src/services/customAttributeService").CustomAttributeDefinition' is not assignable to type 'import("C:/dev/organization-member-management/frontend/src/types/index").CustomAttributeDefinition'.
                Types of property 'id' are incompatible.
                  Type 'number' is not assignable to type 'string'.
src/pages/Members.tsx(136,31): error TS2322: Type 'string' is not assignable to type 'number'.
src/pages/Members.tsx(246,69): error TS2345: Argument of type 'string' is not assignable to parameter of type 'number'.
src/pages/Members.tsx(287,22): error TS2345: Argument of type 'Set<string>' is not assignable to parameter of type 'SetStateAction<Set<number>>'.
  Type 'Set<string>' is not assignable to type 'Set<number>'.
    Type 'string' is not assignable to type 'number'.
src/pages/Members.tsx(427,47): error TS2345: Argument of type 'string' is not assignable to parameter of type 'number'.
src/pages/Members.tsx(428,54): error TS2345: Argument of type 'string' is not assignable to parameter of type 'number'.
src/pages/Members.tsx(479,62): error TS2345: Argument of type 'string' is not assignable to parameter of type 'number'.
src/pages/Members.tsx(489,49): error TS2345: Argument of type '(prev: number | null) => string | null' is not assignable to parameter of type 'SetStateAction<number | null>'.
  Type '(prev: number | null) => string | null' is not assignable to type '(prevState: number | null) => number | null'.
    Type 'string | null' is not assignable to type 'number | null'.
      Type 'string' is not assignable to type 'number'.
src/pages/Members.tsx(489,60): error TS2367: This comparison appears to be unintentional because the types 'number | null' and 'string' have no overlap.
src/pages/Members.tsx(496,38): error TS2367: This comparison appears to be unintentional because the types 'number | null' and 'string' have no overlap.
src/pages/Members.tsx(515,53): error TS2345: Argument of type 'string' is not assignable to parameter of type 'number'.
src/pages/Members.tsx(675,73): error TS2339: Property 'length' does not exist on type 'NonNullable<NoInfer_2<TQueryFnData>>'.
src/pages/Members.tsx(678,47): error TS2339: Property 'map' does not exist on type 'NonNullable<NoInfer_2<TQueryFnData>>'.
src/pages/Members.tsx(678,52): error TS7006: Parameter 'attr' implicitly has an 'any' type.
src/pages/Payments.tsx(70,36): error TS2367: This comparison appears to be unintentional because the types 'string' and 'number' have no overlap.
src/pages/Payments.tsx(159,9): error TS2322: Type 'string' is not assignable to type 'number'.
src/pages/Payments.tsx(549,67): error TS2345: Argument of type 'string' is not assignable to parameter of type 'number'.
src/pages/PublicBlogs.tsx(140,40): error TS2345: Argument of type 'string' is not assignable to parameter of type 'number'.
src/pages/PublicBlogs.tsx(201,42): error TS2345: Argument of type 'string' is not assignable to parameter of type 'number'.
